// Jest Snapshot v1, https://goo.gl/fbAQLP

exports[`Loader Skeleton matches snapshot 1`] = `
<DocumentFragment>
  <div
    aria-label="skeleton-container"
    class="css-m4budz"
  >
    <div
      class="chakra-skeleton css-1y9avnh"
    />
    <div
      class="chakra-skeleton__group css-1fhgjcy"
    >
      <div
        class="chakra-skeleton css-1pzxi2p"
      />
      <div
        class="chakra-skeleton css-1pzxi2p"
      />
      <div
        class="chakra-skeleton css-16x1prk"
      />
    </div>
  </div>
</DocumentFragment>
`;
