// Jest Snapshot v1, https://goo.gl/fbAQLP

exports[`Paginate matches snapshot 1`] = `
<DocumentFragment>
  <div
    class="paginationContainer"
  >
    <div
      class="paginationButtonContainer"
    >
      <div
        class="pagination_button highlight "
      >
        1
      </div>
      <div
        class="pagination_button  "
      >
        2
      </div>
      <div
        class="pagination_button  disabled"
      >
        ...
      </div>
      <div
        class="pagination_button  "
      >
        10
      </div>
      <div
        class="pagination_button"
      >
        &gt;
      </div>
    </div>
  </div>
</DocumentFragment>
`;
