// Jest Snapshot v1, https://goo.gl/fbAQLP

exports[`ErrorPage snapshot 1`] = `
<DocumentFragment>
  <div
    class="chakra-stack css-1cvi3v3"
  >
    <div
      class="css-14b1q7p"
    >
      <img
        alt="Error Occurred"
        class="chakra-image__placeholder css-6d0ud2"
        src="/images/character-fallback.jpeg"
      />
      <p
        class="chakra-text css-1yylkzx"
      >
        No Results Found
      </p>
      <a
        class="chakra-link css-0"
        href="/"
        title="Return Home"
      >
        <button
          class="chakra-button css-oqfhsh"
          type="button"
        >
          Return Home
        </button>
      </a>
    </div>
  </div>
</DocumentFragment>
`;
