// Jest Snapshot v1, https://goo.gl/fbAQLP

exports[`CharacterDetailPage Sucessfull Character Details Page Fetch snapshot 1`] = `
<DocumentFragment>
  <div
    class="css-0"
  >
    <div
      class="chakra-stack css-1cvi3v3"
    >
      <img
        alt="Rick Sanchez"
        class="chakra-image__placeholder css-cl5oj8"
        src="/images/character-fallback.jpeg"
      />
      <div
        class="css-0"
      >
        <h2
          class="chakra-heading css-1itv5e3"
        >
          Rick Sanchez
        </h2>
        <div
          class="css-ll0rx5"
        >
          <div
            class="chakra-stat css-0"
          >
            <dl>
              <dt
                class="chakra-stat__label css-0"
              >
                species
              </dt>
              <dd
                class="chakra-stat__number css-fvxuh5"
              >
                Human
              </dd>
            </dl>
          </div>
        </div>
        <div
          class="css-ll0rx5"
        >
          <div
            class="chakra-stat css-0"
          >
            <dl>
              <dt
                class="chakra-stat__label css-0"
              >
                Gender
              </dt>
              <dd
                class="chakra-stat__number css-fvxuh5"
              >
                Male
              </dd>
            </dl>
          </div>
        </div>
        <div
          class="css-ll0rx5"
        >
          <div
            class="chakra-stat css-0"
          >
            <dl>
              <dt
                class="chakra-stat__label css-0"
              >
                Status
              </dt>
              <dd
                class="chakra-stat__number css-fvxuh5"
              >
                Alive
              </dd>
            </dl>
          </div>
        </div>
        <div
          class="css-ll0rx5"
        >
          <div
            class="chakra-stat css-0"
          >
            <dl>
              <dt
                class="chakra-stat__label css-0"
              >
                Origin Location
              </dt>
              <dd
                class="chakra-stat__number css-fvxuh5"
              >
                Earth (C-137)
              </dd>
            </dl>
          </div>
        </div>
        <div
          class="css-ll0rx5"
        >
          <div
            class="chakra-stat css-0"
          >
            <dl>
              <dt
                class="chakra-stat__label css-0"
              >
                Last Known Location
              </dt>
              <dd
                class="chakra-stat__number css-fvxuh5"
              >
                Earth (Replacement Dimension)
              </dd>
            </dl>
          </div>
        </div>
        <div
          class="css-ll0rx5"
        >
          <div
            class="chakra-stat css-0"
          >
            <dl>
              <dt
                class="chakra-stat__label css-0"
              >
                Total Episodes
              </dt>
              <dd
                class="chakra-stat__number css-fvxuh5"
              >
                2
              </dd>
            </dl>
          </div>
        </div>
        <div
          class="css-ll0rx5"
        >
          <ul
            class="css-c5ckgy"
            role="list"
          >
            <div
              class="chakra-stat css-0"
            >
              <dl>
                <dt
                  class="chakra-stat__label css-0"
                >
                  Episode Details
                </dt>
              </dl>
            </div>
            <li
              class="css-0"
            >
              <svg
                class="chakra-icon css-1v3wlva"
                fill="currentColor"
                focusable="false"
                height="1em"
                role="presentation"
                stroke="currentColor"
                stroke-width="0"
                viewBox="0 0 512 512"
                width="1em"
                xmlns="http://www.w3.org/2000/svg"
              >
                <path
                  d="M504 256c0 136.967-111.033 248-248 248S8 392.967 8 256 119.033 8 256 8s248 111.033 248 248zM227.314 387.314l184-184c6.248-6.248 6.248-16.379 0-22.627l-22.627-22.627c-6.248-6.249-16.379-6.249-22.628 0L216 308.118l-70.059-70.059c-6.248-6.248-16.379-6.248-22.628 0l-22.627 22.627c-6.248 6.248-6.248 16.379 0 22.627l104 104c6.249 6.249 16.379 6.249 22.628.001z"
                />
              </svg>
              Sample Episode - S01E02 - was aired at December 9, 2013 
              <hr
                aria-orientation="horizontal"
                class="chakra-divider css-1c5urqo"
                role="separator"
              />
            </li>
            <li
              class="css-0"
            >
              <svg
                class="chakra-icon css-1v3wlva"
                fill="currentColor"
                focusable="false"
                height="1em"
                role="presentation"
                stroke="currentColor"
                stroke-width="0"
                viewBox="0 0 512 512"
                width="1em"
                xmlns="http://www.w3.org/2000/svg"
              >
                <path
                  d="M504 256c0 136.967-111.033 248-248 248S8 392.967 8 256 119.033 8 256 8s248 111.033 248 248zM227.314 387.314l184-184c6.248-6.248 6.248-16.379 0-22.627l-22.627-22.627c-6.248-6.249-16.379-6.249-22.628 0L216 308.118l-70.059-70.059c-6.248-6.248-16.379-6.248-22.628 0l-22.627 22.627c-6.248 6.248-6.248 16.379 0 22.627l104 104c6.249 6.249 16.379 6.249 22.628.001z"
                />
              </svg>
              Lawnmower Dog - S01E02 - was aired at December 9, 2013 
              <hr
                aria-orientation="horizontal"
                class="chakra-divider css-1c5urqo"
                role="separator"
              />
            </li>
          </ul>
        </div>
        <button
          aria-label="buy-merchandise"
          class="chakra-button css-jaqb0y"
          type="button"
        >
          Buy Merchandise
        </button>
      </div>
    </div>
  </div>
</DocumentFragment>
`;
